============================================================
ȫ�湦�ܻع���Կ�ʼ
============================================================
����ʱ��: 2025-10-09 21:00:10.686803
��Ŀ·��: D:\DevelopTool\FreeCode\HIkyuu-UI\hikyuu-ui


[1] ����: ���������
----------------------------------------
[32m21:00:10.801[0m | [1mINFO[0m | [36mcore.loguru_config:initialize_loguru:85[0m - === FactorWeave-Quant ϵͳ��� ===
[32m21:00:10.801[0m | [1mINFO[0m | [36mcore.loguru_config:initialize_loguru:86[0m - ��־����: INFO
[32m21:00:10.801[0m | [1mINFO[0m | [36mcore.loguru_config:initialize_loguru:87[0m - �첽ģʽ: ����
[32m21:00:11.614[0m | [1mINFO[0m | [36mplugins.plugin_market:<module>:39[0m - �ɹ�ͨ�����Ե�����ز���ӿ�
[32m21:00:11.615[0m | [1mINFO[0m | [36mcore.plugin_manager:<module>:42[0m - �ɹ�ֱ�ӵ������ӿں��г�ģ��
python : 2025-10-09 21:00:13.548892: I tensorflow/core/util/port.cc:153] oneDNN custom operations are on. You may see slightly different numerical results du
e to floating-point round-off errors from different computation orders. To turn them off, set the environment variable `TF_ENABLE_ONEDNN_OPTS=0`.
所在位置 行:1 字符: 1
+ python final_regression_test.py > test_output.txt 2>&1; Get-Content t ...
+ ~~~~~~~~~~~~~~~~~~~~~~~~~~~~~~~~~~~~~~~~~~~~~~~~~~~~~~
    + CategoryInfo          : NotSpecified: (2025-10-09 21:0...ONEDNN_OPTS=0`.:String) [], RemoteException
    + FullyQualifiedErrorId : NativeCommandError
 
2025-10-09 21:00:14.461178: I tensorflow/core/util/port.cc:153] oneDNN custom operations are on. You may see slightly different numerical results due to floa
ting-point round-off errors from different computation orders. To turn them off, set the environment variable `TF_ENABLE_ONEDNN_OPTS=0`.
